8.75
1.6538461538461537
10.0
0.5833333333333334
5.291666666666667
5.525
0.8298022598870056
0.6829268292682927
1.125
1.4375
1.0636856368563685
0.9873949579831933
10.987179487179487
11.111650485436893
11.007042253521126
1.0217391304347827
2.1484123331799356
1.8557692307692306
1.4285714285714286
0.8400000000000001
2.679393939393939
29.98758865248227
4.891111111111111
40.085408684546614
118.796783625731
38.313761467889904
2.019567597153804
4.4
