7.544628099173553
6.3613975817923185
248.06033561261313
1.6804868687976315
1.700360576923077
0.7298692360633173
1.1877529971106229
1.5807578370252464
1.34375
70.81174438687391
0.6793721973094171
5.1945509120295545
118.7178472497032
2.1647756686798965
2.276746823956443
0.6296783120027671
2.571796338672769
0.23251568360606764
0.9258746103221337
0.9408010931603115
0.23044496487119437
0.48216417910447756
1.5063267079396112
1.791713897075493
1.0855774106594784
1.9220534090005479
1464.9747358750574
0.9982667618931488
1.4210811984368215
181.3031161473088
9.801556970983722
10.034511592550361
9.791162955107813
11.659231722428748
7.2684434144457315
5140.845070422535
8613.20754716981
11652.173913043478
44852.94117647059
8159.420289855072
5830.508474576271
9165.714285714284
189.30762489044696
696.969696969697
