site_id	pair_id	is_read_count	output_id	group_size	connected_exb_group_ids	associated_transcripts	associated_genes
