c_uniq_exons	44
eir_mean	2192.7430342819284
eir_median	3.8831736253511617
eir_stdev	7191.6957250251335
eir_perc5	0.504291299039221
eir_perc25	1.3047507492776558
eir_perc50	3.8831736253511617
eir_perc75	183.30424333309332
eir_perc95	9082.838274932614
eir_min	0.23044496487119437
eir_max	44852.94117647059
c_eibr_regions	28
eibr_mean	11.410861973758662
eibr_median	2.4139031362869376
eibr_stdev	23.662276017366917
eibr_perc5	0.7343332299848423
eibr_perc25	1.109671409214092
eibr_perc50	2.4139031362869376
eibr_perc75	10.246794871794872
eibr_perc95	39.46533215871676
eibr_min	0.5833333333333334
eibr_max	118.796783625731
c_intergen_sites	0
c_intron_sites	19
c_exon_sites_tc	19
c_exon_sites_merged_tc	19
c_exon_sites_gc	10
c_exb_sites	0
c_tr_con_sites	19
c_exonic_sites	29
c_in_sites	48
plot_data_id	SUPV3L1_K562
