47
68
45
96
21
36
117
78
80
54
52
51
45
25
19
61
56
58
75
43
55
57
34
52
112
63
92
53
48
58
38
31
60
99
67
161
11
33
36
39
41
51
39
18
112
33
67
25
