site_id	pair_id	is_read_count	output_id	group_size	connected_exb_group_ids	associated_transcripts	associated_genes
SERBP1_K562_35	SERBP1_K562_36	24	SERBP1_K562_35-EB-SERBP1_K562_36	3	SERBP1_K562_35,SERBP1_K562_36,SERBP1_K562_37	ENST00000569798,ENST00000395248,ENST00000395240,ENST00000566897,ENST00000643777,ENST00000564688,ENST00000642816,ENST00000562168,ENST00000562679,ENST00000412304,ENST00000563060,ENST00000338110,ENST00000569545	ENSG00000149925,ENSG00000285043,ENSG00000149925,ENSG00000285043,ENSG00000149925,ENSG00000149925,ENSG00000149925,ENSG00000149925,ENSG00000149925,ENSG00000149925,ENSG00000149925,ENSG00000285043,ENSG00000149925
SERBP1_K562_37	SERBP1_K562_36	14	-	3	SERBP1_K562_35,SERBP1_K562_36,SERBP1_K562_37	ENST00000642816,ENST00000643777,ENST00000569545,ENST00000562679,ENST00000562168,ENST00000412304,ENST00000566897,ENST00000395240,ENST00000395248,ENST00000564688,ENST00000563060,ENST00000338110,ENST00000569798	ENSG00000149925,ENSG00000149925,ENSG00000149925,ENSG00000149925,ENSG00000149925,ENSG00000149925,ENSG00000285043,ENSG00000149925,ENSG00000285043,ENSG00000149925,ENSG00000149925,ENSG00000285043,ENSG00000149925
