c_uniq_exons	175
eir_mean	319.62944637026544
eir_median	97.81212400117138
eir_stdev	598.7538617276055
eir_perc5	1.2473271755449165
eir_perc25	27.025195758320294
eir_perc50	97.81212400117138
eir_perc75	384.68061581901395
eir_perc95	1451.111105092086
eir_min	0.4912860576923076
eir_max	3198.6315789473683
c_eibr_regions	123
eibr_mean	14.768283892078998
eibr_median	11.0
eibr_stdev	14.096827230761988
eibr_perc5	0.9090909090909091
eibr_perc25	5.784090909090909
eibr_perc50	11.0
eibr_perc75	23.083333333333336
eibr_perc95	39.138461538461506
eibr_min	0.3235294117647059
eibr_max	102.74999999999999
c_intergen_sites	0
c_intron_sites	22
c_exon_sites_tc	96
c_exon_sites_merged_tc	92
c_exon_sites_gc	7
c_exb_sites	6
c_tr_con_sites	96
c_exonic_sites	103
c_in_sites	125
plot_data_id	SERBP1_K562
