94
95
78
60
140
82
55
69
74
48
114
80
114
142
80
215
8
142
113
127
56
55
89
70
66
43
120
69
82
118
155
173
119
119
85
57
63
60
101
32
70
154
242
123
18
164
95
54
100
146
86
106
32
41
71
41
113
61
79
149
61
134
56
106
175
85
51
45
89
27
108
58
32
82
56
64
90
38
36
81
45
27
36
47
90
83
57
85
37
46
77
132
68
100
78
89
42
67
25
51
45
94
79
64
53
69
55
121
113
57
98
69
83
100
79
28
135
83
98
31
56
119
138
18
149
