c_all_tr	166
c_sel_tr	78
c_pair_sites_all_tr	199
c_pair_sites_sel_tr	57
