transcript_id	tr_biotype	assoc_gene_ids	tr_len	same_set	site1_id	site1_start	site1_end	site2_id	site2_start	site2_end	site_distance	genomic_distance	dist_diff	s1_bed_sc	s2_bed_sc	s1_tr_comb_score	s2_tr_comb_score
ENST00000497849	protein_coding	ENSG00000026025	634	Y	SERBP1_K562_7	164	218	SERBP1_K562_8	228	296	9	9	0	5.25948345867655	5.26546977950959	5	5
ENST00000544301	protein_coding	ENSG00000026025	2154	Y	SERBP1_K562_7	289	343	SERBP1_K562_8	353	421	9	9	0	5.25948345867655	5.26546977950959	8	8
ENST00000224237	protein_coding	ENSG00000026025	1868	Y	SERBP1_K562_7	3	57	SERBP1_K562_8	67	135	9	9	0	5.25948345867655	5.26546977950959	9	9
ENST00000478746	protein_coding	ENSG00000026025	757	Y	SERBP1_K562_7	167	221	SERBP1_K562_8	231	299	9	9	0	5.25948345867655	5.26546977950959	5	5
ENST00000668048	lncRNA	ENSG00000255717	1158	N	SERBP1_K562_17	115	122	SUPV3L1_K562_5	206	226	83	83	0	3.01477374139997	3.94530548440721	9	9
ENST00000668048	lncRNA	ENSG00000255717	1158	N	SERBP1_K562_17	115	122	SUPV3L1_K562_6	154	189	31	31	0	3.01477374139997	3.53166248058891	9	9
ENST00000668048	lncRNA	ENSG00000255717	1158	Y	SUPV3L1_K562_5	206	226	SUPV3L1_K562_6	154	189	16	16	0	3.94530548440721	3.53166248058891	9	9
ENST00000459155	snoRNA	ENSG00000238795	270	Y	SERBP1_K562_21	153	208	SERBP1_K562_22	74	128	24	24	0	3.44485013323137	3.00173127647939	10	10
ENST00000437231	protein_coding	ENSG00000197111	3026	Y	SERBP1_K562_23	96	184	SERBP1_K562_24	204	273	19	19	0	4.05431369797128	3.29376154369277	6	6
ENST00000550520	protein_coding	ENSG00000197111	753	Y	SERBP1_K562_23	19	107	SERBP1_K562_24	127	196	19	19	0	4.05431369797128	3.29376154369277	7	7
ENST00000546463	protein_coding	ENSG00000197111	3159	Y	SERBP1_K562_23	96	184	SERBP1_K562_24	204	273	19	19	0	4.05431369797128	3.29376154369277	7	7
ENST00000359462	protein_coding	ENSG00000197111	1814	Y	SERBP1_K562_23	69	157	SERBP1_K562_24	177	246	19	19	0	4.05431369797128	3.29376154369277	8	8
ENST00000359282	protein_coding	ENSG00000197111	1730	Y	SERBP1_K562_23	96	184	SERBP1_K562_24	204	273	19	19	0	4.05431369797128	3.29376154369277	7	7
ENST00000549863	protein_coding	ENSG00000197111	1619	Y	SERBP1_K562_23	72	160	SERBP1_K562_24	180	249	19	19	0	4.05431369797128	3.29376154369277	6	6
ENST00000447282	protein_coding	ENSG00000197111	3077	Y	SERBP1_K562_23	96	184	SERBP1_K562_24	204	273	19	19	0	4.05431369797128	3.29376154369277	6	6
ENST00000252951	protein_coding	ENSG00000130656	798	Y	SERBP1_K562_28	581	649	SERBP1_K562_29	664	745	14	14	0	5.33293456955264	5.31422758873108	10	10
ENST00000643777	protein_coding	ENSG00000149925	1486	Y	SERBP1_K562_33-EB-SERBP1_K562_34	51	287	SERBP1_K562_35-EB-SERBP1_K562_36	429	568	141	1648	1507	3.9633570379023246	4.470978619196117	8	8
ENST00000643777	protein_coding	ENSG00000149925	1486	Y	SERBP1_K562_33-EB-SERBP1_K562_34	51	287	SERBP1_K562_38	925	984	637	3681	3044	3.9633570379023246	3.9847727647182	8	8
ENST00000643777	protein_coding	ENSG00000149925	1486	Y	SERBP1_K562_33-EB-SERBP1_K562_34	51	287	SERBP1_K562_39	1056	1156	768	3968	3200	3.9633570379023246	4.360015055608295	8	7
ENST00000643777	protein_coding	ENSG00000149925	1486	Y	SERBP1_K562_33-EB-SERBP1_K562_34	51	287	SERBP1_K562_40	1221	1252	933	4220	3287	3.9633570379023246	4.28313890354856	8	6
ENST00000643777	protein_coding	ENSG00000149925	1486	Y	SERBP1_K562_33-EB-SERBP1_K562_34	51	287	SERBP1_K562_41	1347	1416	1059	4346	3287	3.9633570379023246	3.81945104575251	8	6
ENST00000643777	protein_coding	ENSG00000149925	1486	Y	SERBP1_K562_35-EB-SERBP1_K562_36	429	568	SERBP1_K562_38	925	984	356	1948	1592	4.470978619196117	3.9847727647182	8	8
ENST00000643777	protein_coding	ENSG00000149925	1486	Y	SERBP1_K562_35-EB-SERBP1_K562_36	429	568	SERBP1_K562_39	1056	1156	487	2235	1748	4.470978619196117	4.360015055608295	8	7
ENST00000643777	protein_coding	ENSG00000149925	1486	Y	SERBP1_K562_35-EB-SERBP1_K562_36	429	568	SERBP1_K562_40	1221	1252	652	2487	1835	4.470978619196117	4.28313890354856	8	6
ENST00000643777	protein_coding	ENSG00000149925	1486	Y	SERBP1_K562_35-EB-SERBP1_K562_36	429	568	SERBP1_K562_41	1347	1416	778	2613	1835	4.470978619196117	3.81945104575251	8	6
ENST00000643777	protein_coding	ENSG00000149925	1486	Y	SERBP1_K562_38	925	984	SERBP1_K562_39	1056	1156	71	227	156	3.9847727647182	4.360015055608295	8	7
ENST00000643777	protein_coding	ENSG00000149925	1486	Y	SERBP1_K562_38	925	984	SERBP1_K562_40	1221	1252	236	479	243	3.9847727647182	4.28313890354856	8	6
ENST00000643777	protein_coding	ENSG00000149925	1486	Y	SERBP1_K562_38	925	984	SERBP1_K562_41	1347	1416	362	605	243	3.9847727647182	3.81945104575251	8	6
ENST00000643777	protein_coding	ENSG00000149925	1486	Y	SERBP1_K562_39	1056	1156	SERBP1_K562_40	1221	1252	64	151	87	4.360015055608295	4.28313890354856	7	6
ENST00000643777	protein_coding	ENSG00000149925	1486	Y	SERBP1_K562_39	1056	1156	SERBP1_K562_41	1347	1416	190	277	87	4.360015055608295	3.81945104575251	7	6
ENST00000643777	protein_coding	ENSG00000149925	1486	Y	SERBP1_K562_40	1221	1252	SERBP1_K562_41	1347	1416	94	94	0	4.28313890354856	3.81945104575251	6	6
ENST00000569798	protein_coding	ENSG00000149925	1499	Y	SERBP1_K562_33-EB-SERBP1_K562_34	39	275	SERBP1_K562_35-EB-SERBP1_K562_36	417	556	141	1648	1507	3.9633570379023246	4.470978619196117	7	7
ENST00000569798	protein_coding	ENSG00000149925	1499	Y	SERBP1_K562_33-EB-SERBP1_K562_34	39	275	SERBP1_K562_38	913	972	637	3681	3044	3.9633570379023246	3.9847727647182	7	7
ENST00000569798	protein_coding	ENSG00000149925	1499	Y	SERBP1_K562_33-EB-SERBP1_K562_34	39	275	SERBP1_K562_39	1044	1144	768	3968	3200	3.9633570379023246	4.360015055608295	7	6
ENST00000569798	protein_coding	ENSG00000149925	1499	Y	SERBP1_K562_33-EB-SERBP1_K562_34	39	275	SERBP1_K562_40	1296	1327	1020	4220	3200	3.9633570379023246	4.28313890354856	7	7
ENST00000569798	protein_coding	ENSG00000149925	1499	Y	SERBP1_K562_33-EB-SERBP1_K562_34	39	275	SERBP1_K562_41	1422	1491	1146	4346	3200	3.9633570379023246	3.81945104575251	7	7
ENST00000569798	protein_coding	ENSG00000149925	1499	Y	SERBP1_K562_35-EB-SERBP1_K562_36	417	556	SERBP1_K562_38	913	972	356	1948	1592	4.470978619196117	3.9847727647182	7	7
ENST00000569798	protein_coding	ENSG00000149925	1499	Y	SERBP1_K562_35-EB-SERBP1_K562_36	417	556	SERBP1_K562_39	1044	1144	487	2235	1748	4.470978619196117	4.360015055608295	7	6
ENST00000569798	protein_coding	ENSG00000149925	1499	Y	SERBP1_K562_35-EB-SERBP1_K562_36	417	556	SERBP1_K562_40	1296	1327	739	2487	1748	4.470978619196117	4.28313890354856	7	7
ENST00000569798	protein_coding	ENSG00000149925	1499	Y	SERBP1_K562_35-EB-SERBP1_K562_36	417	556	SERBP1_K562_41	1422	1491	865	2613	1748	4.470978619196117	3.81945104575251	7	7
ENST00000569798	protein_coding	ENSG00000149925	1499	Y	SERBP1_K562_38	913	972	SERBP1_K562_39	1044	1144	71	227	156	3.9847727647182	4.360015055608295	7	6
ENST00000569798	protein_coding	ENSG00000149925	1499	Y	SERBP1_K562_38	913	972	SERBP1_K562_40	1296	1327	323	479	156	3.9847727647182	4.28313890354856	7	7
ENST00000569798	protein_coding	ENSG00000149925	1499	Y	SERBP1_K562_38	913	972	SERBP1_K562_41	1422	1491	449	605	156	3.9847727647182	3.81945104575251	7	7
ENST00000569798	protein_coding	ENSG00000149925	1499	Y	SERBP1_K562_39	1044	1144	SERBP1_K562_40	1296	1327	151	151	0	4.360015055608295	4.28313890354856	6	7
ENST00000569798	protein_coding	ENSG00000149925	1499	Y	SERBP1_K562_39	1044	1144	SERBP1_K562_41	1422	1491	277	277	0	4.360015055608295	3.81945104575251	6	7
ENST00000569798	protein_coding	ENSG00000149925	1499	Y	SERBP1_K562_40	1296	1327	SERBP1_K562_41	1422	1491	94	94	0	4.28313890354856	3.81945104575251	7	7
ENST00000395240	protein_coding	ENSG00000149925	1447	Y	SERBP1_K562_33-EB-SERBP1_K562_34	34	270	SERBP1_K562_35-EB-SERBP1_K562_36	412	551	141	1648	1507	3.9633570379023246	4.470978619196117	7	6
ENST00000395240	protein_coding	ENSG00000149925	1447	Y	SERBP1_K562_33-EB-SERBP1_K562_34	34	270	SERBP1_K562_38	920	979	649	3681	3032	3.9633570379023246	3.9847727647182	7	6
ENST00000395240	protein_coding	ENSG00000149925	1447	Y	SERBP1_K562_33-EB-SERBP1_K562_34	34	270	SERBP1_K562_39	1051	1151	780	3968	3188	3.9633570379023246	4.360015055608295	7	5
ENST00000395240	protein_coding	ENSG00000149925	1447	Y	SERBP1_K562_33-EB-SERBP1_K562_34	34	270	SERBP1_K562_40	1216	1247	945	4220	3275	3.9633570379023246	4.28313890354856	7	4
ENST00000395240	protein_coding	ENSG00000149925	1447	Y	SERBP1_K562_33-EB-SERBP1_K562_34	34	270	SERBP1_K562_41	1342	1411	1071	4346	3275	3.9633570379023246	3.81945104575251	7	5
ENST00000395240	protein_coding	ENSG00000149925	1447	Y	SERBP1_K562_35-EB-SERBP1_K562_36	412	551	SERBP1_K562_38	920	979	368	1948	1580	4.470978619196117	3.9847727647182	6	6
ENST00000395240	protein_coding	ENSG00000149925	1447	Y	SERBP1_K562_35-EB-SERBP1_K562_36	412	551	SERBP1_K562_39	1051	1151	499	2235	1736	4.470978619196117	4.360015055608295	6	5
ENST00000395240	protein_coding	ENSG00000149925	1447	Y	SERBP1_K562_35-EB-SERBP1_K562_36	412	551	SERBP1_K562_40	1216	1247	664	2487	1823	4.470978619196117	4.28313890354856	6	4
ENST00000395240	protein_coding	ENSG00000149925	1447	Y	SERBP1_K562_35-EB-SERBP1_K562_36	412	551	SERBP1_K562_41	1342	1411	790	2613	1823	4.470978619196117	3.81945104575251	6	5
ENST00000395240	protein_coding	ENSG00000149925	1447	Y	SERBP1_K562_38	920	979	SERBP1_K562_39	1051	1151	71	227	156	3.9847727647182	4.360015055608295	6	5
ENST00000395240	protein_coding	ENSG00000149925	1447	Y	SERBP1_K562_38	920	979	SERBP1_K562_40	1216	1247	236	479	243	3.9847727647182	4.28313890354856	6	4
ENST00000395240	protein_coding	ENSG00000149925	1447	Y	SERBP1_K562_38	920	979	SERBP1_K562_41	1342	1411	362	605	243	3.9847727647182	3.81945104575251	6	5
ENST00000395240	protein_coding	ENSG00000149925	1447	Y	SERBP1_K562_39	1051	1151	SERBP1_K562_40	1216	1247	64	151	87	4.360015055608295	4.28313890354856	5	4
ENST00000395240	protein_coding	ENSG00000149925	1447	Y	SERBP1_K562_39	1051	1151	SERBP1_K562_41	1342	1411	190	277	87	4.360015055608295	3.81945104575251	5	5
ENST00000395240	protein_coding	ENSG00000149925	1447	Y	SERBP1_K562_40	1216	1247	SERBP1_K562_41	1342	1411	94	94	0	4.28313890354856	3.81945104575251	4	5
ENST00000395248	protein_coding	ENSG00000285043	2430	Y	SERBP1_K562_35-EB-SERBP1_K562_36	1384	1523	SERBP1_K562_38	1880	1939	356	1948	1592	4.470978619196117	3.9847727647182	5	5
ENST00000395248	protein_coding	ENSG00000285043	2430	Y	SERBP1_K562_35-EB-SERBP1_K562_36	1384	1523	SERBP1_K562_39	2011	2111	487	2235	1748	4.470978619196117	4.360015055608295	5	4
ENST00000395248	protein_coding	ENSG00000285043	2430	Y	SERBP1_K562_35-EB-SERBP1_K562_36	1384	1523	SERBP1_K562_40	2176	2207	652	2487	1835	4.470978619196117	4.28313890354856	5	3
ENST00000395248	protein_coding	ENSG00000285043	2430	Y	SERBP1_K562_35-EB-SERBP1_K562_36	1384	1523	SERBP1_K562_41	2302	2371	778	2613	1835	4.470978619196117	3.81945104575251	5	3
ENST00000395248	protein_coding	ENSG00000285043	2430	Y	SERBP1_K562_38	1880	1939	SERBP1_K562_39	2011	2111	71	227	156	3.9847727647182	4.360015055608295	5	4
ENST00000395248	protein_coding	ENSG00000285043	2430	Y	SERBP1_K562_38	1880	1939	SERBP1_K562_40	2176	2207	236	479	243	3.9847727647182	4.28313890354856	5	3
ENST00000395248	protein_coding	ENSG00000285043	2430	Y	SERBP1_K562_38	1880	1939	SERBP1_K562_41	2302	2371	362	605	243	3.9847727647182	3.81945104575251	5	3
ENST00000395248	protein_coding	ENSG00000285043	2430	Y	SERBP1_K562_39	2011	2111	SERBP1_K562_40	2176	2207	64	151	87	4.360015055608295	4.28313890354856	4	3
ENST00000395248	protein_coding	ENSG00000285043	2430	Y	SERBP1_K562_39	2011	2111	SERBP1_K562_41	2302	2371	190	277	87	4.360015055608295	3.81945104575251	4	3
ENST00000395248	protein_coding	ENSG00000285043	2430	Y	SERBP1_K562_40	2176	2207	SERBP1_K562_41	2302	2371	94	94	0	4.28313890354856	3.81945104575251	3	3
ENST00000566897	protein_coding	ENSG00000285043	2448	Y	SERBP1_K562_35-EB-SERBP1_K562_36	1392	1531	SERBP1_K562_38	1888	1947	356	1948	1592	4.470978619196117	3.9847727647182	5	5
ENST00000566897	protein_coding	ENSG00000285043	2448	Y	SERBP1_K562_35-EB-SERBP1_K562_36	1392	1531	SERBP1_K562_39	2019	2119	487	2235	1748	4.470978619196117	4.360015055608295	5	4
ENST00000566897	protein_coding	ENSG00000285043	2448	Y	SERBP1_K562_35-EB-SERBP1_K562_36	1392	1531	SERBP1_K562_40	2184	2215	652	2487	1835	4.470978619196117	4.28313890354856	5	3
ENST00000566897	protein_coding	ENSG00000285043	2448	Y	SERBP1_K562_35-EB-SERBP1_K562_36	1392	1531	SERBP1_K562_41	2310	2379	778	2613	1835	4.470978619196117	3.81945104575251	5	3
ENST00000566897	protein_coding	ENSG00000285043	2448	Y	SERBP1_K562_38	1888	1947	SERBP1_K562_39	2019	2119	71	227	156	3.9847727647182	4.360015055608295	5	4
ENST00000566897	protein_coding	ENSG00000285043	2448	Y	SERBP1_K562_38	1888	1947	SERBP1_K562_40	2184	2215	236	479	243	3.9847727647182	4.28313890354856	5	3
ENST00000566897	protein_coding	ENSG00000285043	2448	Y	SERBP1_K562_38	1888	1947	SERBP1_K562_41	2310	2379	362	605	243	3.9847727647182	3.81945104575251	5	3
ENST00000566897	protein_coding	ENSG00000285043	2448	Y	SERBP1_K562_39	2019	2119	SERBP1_K562_40	2184	2215	64	151	87	4.360015055608295	4.28313890354856	4	3
ENST00000566897	protein_coding	ENSG00000285043	2448	Y	SERBP1_K562_39	2019	2119	SERBP1_K562_41	2310	2379	190	277	87	4.360015055608295	3.81945104575251	4	3
ENST00000566897	protein_coding	ENSG00000285043	2448	Y	SERBP1_K562_40	2184	2215	SERBP1_K562_41	2310	2379	94	94	0	4.28313890354856	3.81945104575251	3	3
ENST00000564688	protein_coding	ENSG00000149925	613	Y	SERBP1_K562_35-EB-SERBP1_K562_36	75	214	SERBP1_K562_38	487	546	272	1948	1676	4.470978619196117	3.9847727647182	5	3
ENST00000642816	protein_coding	ENSG00000149925	1640	Y	SERBP1_K562_35-EB-SERBP1_K562_36	583	722	SERBP1_K562_38	1079	1138	356	1948	1592	4.470978619196117	3.9847727647182	6	6
ENST00000642816	protein_coding	ENSG00000149925	1640	Y	SERBP1_K562_35-EB-SERBP1_K562_36	583	722	SERBP1_K562_39	1210	1310	487	2235	1748	4.470978619196117	4.360015055608295	6	5
ENST00000642816	protein_coding	ENSG00000149925	1640	Y	SERBP1_K562_35-EB-SERBP1_K562_36	583	722	SERBP1_K562_40	1375	1406	652	2487	1835	4.470978619196117	4.28313890354856	6	4
ENST00000642816	protein_coding	ENSG00000149925	1640	Y	SERBP1_K562_35-EB-SERBP1_K562_36	583	722	SERBP1_K562_41	1501	1570	778	2613	1835	4.470978619196117	3.81945104575251	6	4
ENST00000642816	protein_coding	ENSG00000149925	1640	Y	SERBP1_K562_38	1079	1138	SERBP1_K562_39	1210	1310	71	227	156	3.9847727647182	4.360015055608295	6	5
ENST00000642816	protein_coding	ENSG00000149925	1640	Y	SERBP1_K562_38	1079	1138	SERBP1_K562_40	1375	1406	236	479	243	3.9847727647182	4.28313890354856	6	4
ENST00000642816	protein_coding	ENSG00000149925	1640	Y	SERBP1_K562_38	1079	1138	SERBP1_K562_41	1501	1570	362	605	243	3.9847727647182	3.81945104575251	6	4
ENST00000642816	protein_coding	ENSG00000149925	1640	Y	SERBP1_K562_39	1210	1310	SERBP1_K562_40	1375	1406	64	151	87	4.360015055608295	4.28313890354856	5	4
ENST00000642816	protein_coding	ENSG00000149925	1640	Y	SERBP1_K562_39	1210	1310	SERBP1_K562_41	1501	1570	190	277	87	4.360015055608295	3.81945104575251	5	4
ENST00000642816	protein_coding	ENSG00000149925	1640	Y	SERBP1_K562_40	1375	1406	SERBP1_K562_41	1501	1570	94	94	0	4.28313890354856	3.81945104575251	4	4
ENST00000412304	protein_coding	ENSG00000149925	1603	Y	SERBP1_K562_35-EB-SERBP1_K562_36	549	688	SERBP1_K562_38	1045	1104	356	1948	1592	4.470978619196117	3.9847727647182	7	7
ENST00000412304	protein_coding	ENSG00000149925	1603	Y	SERBP1_K562_35-EB-SERBP1_K562_36	549	688	SERBP1_K562_39	1176	1276	487	2235	1748	4.470978619196117	4.360015055608295	7	6
ENST00000412304	protein_coding	ENSG00000149925	1603	Y	SERBP1_K562_35-EB-SERBP1_K562_36	549	688	SERBP1_K562_40	1341	1372	652	2487	1835	4.470978619196117	4.28313890354856	7	5
ENST00000412304	protein_coding	ENSG00000149925	1603	Y	SERBP1_K562_35-EB-SERBP1_K562_36	549	688	SERBP1_K562_41	1467	1536	778	2613	1835	4.470978619196117	3.81945104575251	7	5
ENST00000412304	protein_coding	ENSG00000149925	1603	Y	SERBP1_K562_38	1045	1104	SERBP1_K562_39	1176	1276	71	227	156	3.9847727647182	4.360015055608295	7	6
ENST00000412304	protein_coding	ENSG00000149925	1603	Y	SERBP1_K562_38	1045	1104	SERBP1_K562_40	1341	1372	236	479	243	3.9847727647182	4.28313890354856	7	5
ENST00000412304	protein_coding	ENSG00000149925	1603	Y	SERBP1_K562_38	1045	1104	SERBP1_K562_41	1467	1536	362	605	243	3.9847727647182	3.81945104575251	7	5
ENST00000412304	protein_coding	ENSG00000149925	1603	Y	SERBP1_K562_39	1176	1276	SERBP1_K562_40	1341	1372	64	151	87	4.360015055608295	4.28313890354856	6	5
ENST00000412304	protein_coding	ENSG00000149925	1603	Y	SERBP1_K562_39	1176	1276	SERBP1_K562_41	1467	1536	190	277	87	4.360015055608295	3.81945104575251	6	5
ENST00000412304	protein_coding	ENSG00000149925	1603	Y	SERBP1_K562_40	1341	1372	SERBP1_K562_41	1467	1536	94	94	0	4.28313890354856	3.81945104575251	5	5
ENST00000563060	protein_coding	ENSG00000149925	1550	Y	SERBP1_K562_35-EB-SERBP1_K562_36	493	632	SERBP1_K562_38	989	1048	356	1948	1592	4.470978619196117	3.9847727647182	7	7
ENST00000563060	protein_coding	ENSG00000149925	1550	Y	SERBP1_K562_35-EB-SERBP1_K562_36	493	632	SERBP1_K562_39	1120	1220	487	2235	1748	4.470978619196117	4.360015055608295	7	6
ENST00000563060	protein_coding	ENSG00000149925	1550	Y	SERBP1_K562_35-EB-SERBP1_K562_36	493	632	SERBP1_K562_40	1285	1316	652	2487	1835	4.470978619196117	4.28313890354856	7	5
ENST00000563060	protein_coding	ENSG00000149925	1550	Y	SERBP1_K562_35-EB-SERBP1_K562_36	493	632	SERBP1_K562_41	1411	1480	778	2613	1835	4.470978619196117	3.81945104575251	7	5
ENST00000563060	protein_coding	ENSG00000149925	1550	Y	SERBP1_K562_38	989	1048	SERBP1_K562_39	1120	1220	71	227	156	3.9847727647182	4.360015055608295	7	6
ENST00000563060	protein_coding	ENSG00000149925	1550	Y	SERBP1_K562_38	989	1048	SERBP1_K562_40	1285	1316	236	479	243	3.9847727647182	4.28313890354856	7	5
ENST00000563060	protein_coding	ENSG00000149925	1550	Y	SERBP1_K562_38	989	1048	SERBP1_K562_41	1411	1480	362	605	243	3.9847727647182	3.81945104575251	7	5
ENST00000563060	protein_coding	ENSG00000149925	1550	Y	SERBP1_K562_39	1120	1220	SERBP1_K562_40	1285	1316	64	151	87	4.360015055608295	4.28313890354856	6	5
ENST00000563060	protein_coding	ENSG00000149925	1550	Y	SERBP1_K562_39	1120	1220	SERBP1_K562_41	1411	1480	190	277	87	4.360015055608295	3.81945104575251	6	5
ENST00000563060	protein_coding	ENSG00000149925	1550	Y	SERBP1_K562_40	1285	1316	SERBP1_K562_41	1411	1480	94	94	0	4.28313890354856	3.81945104575251	5	5
ENST00000338110	protein_coding	ENSG00000285043	2323	Y	SERBP1_K562_35-EB-SERBP1_K562_36	1266	1405	SERBP1_K562_38	1762	1821	356	1948	1592	4.470978619196117	3.9847727647182	5	5
ENST00000338110	protein_coding	ENSG00000285043	2323	Y	SERBP1_K562_35-EB-SERBP1_K562_36	1266	1405	SERBP1_K562_39	1893	1993	487	2235	1748	4.470978619196117	4.360015055608295	5	4
ENST00000338110	protein_coding	ENSG00000285043	2323	Y	SERBP1_K562_35-EB-SERBP1_K562_36	1266	1405	SERBP1_K562_40	2058	2089	652	2487	1835	4.470978619196117	4.28313890354856	5	3
ENST00000338110	protein_coding	ENSG00000285043	2323	Y	SERBP1_K562_35-EB-SERBP1_K562_36	1266	1405	SERBP1_K562_41	2184	2253	778	2613	1835	4.470978619196117	3.81945104575251	5	3
ENST00000338110	protein_coding	ENSG00000285043	2323	Y	SERBP1_K562_38	1762	1821	SERBP1_K562_39	1893	1993	71	227	156	3.9847727647182	4.360015055608295	5	4
ENST00000338110	protein_coding	ENSG00000285043	2323	Y	SERBP1_K562_38	1762	1821	SERBP1_K562_40	2058	2089	236	479	243	3.9847727647182	4.28313890354856	5	3
ENST00000338110	protein_coding	ENSG00000285043	2323	Y	SERBP1_K562_38	1762	1821	SERBP1_K562_41	2184	2253	362	605	243	3.9847727647182	3.81945104575251	5	3
ENST00000338110	protein_coding	ENSG00000285043	2323	Y	SERBP1_K562_39	1893	1993	SERBP1_K562_40	2058	2089	64	151	87	4.360015055608295	4.28313890354856	4	3
ENST00000338110	protein_coding	ENSG00000285043	2323	Y	SERBP1_K562_39	1893	1993	SERBP1_K562_41	2184	2253	190	277	87	4.360015055608295	3.81945104575251	4	3
ENST00000338110	protein_coding	ENSG00000285043	2323	Y	SERBP1_K562_40	2058	2089	SERBP1_K562_41	2184	2253	94	94	0	4.28313890354856	3.81945104575251	3	3
ENST00000569545	protein_coding	ENSG00000149925	1359	Y	SERBP1_K562_35-EB-SERBP1_K562_36	459	598	SERBP1_K562_38	955	1014	356	1948	1592	4.470978619196117	3.9847727647182	7	7
ENST00000569545	protein_coding	ENSG00000149925	1359	Y	SERBP1_K562_35-EB-SERBP1_K562_36	459	598	SERBP1_K562_39	1086	1186	487	2235	1748	4.470978619196117	4.360015055608295	7	6
ENST00000569545	protein_coding	ENSG00000149925	1359	Y	SERBP1_K562_35-EB-SERBP1_K562_36	459	598	SERBP1_K562_40	1251	1282	652	2487	1835	4.470978619196117	4.28313890354856	7	5
ENST00000569545	protein_coding	ENSG00000149925	1359	Y	SERBP1_K562_38	955	1014	SERBP1_K562_39	1086	1186	71	227	156	3.9847727647182	4.360015055608295	7	6
ENST00000569545	protein_coding	ENSG00000149925	1359	Y	SERBP1_K562_38	955	1014	SERBP1_K562_40	1251	1282	236	479	243	3.9847727647182	4.28313890354856	7	5
ENST00000569545	protein_coding	ENSG00000149925	1359	Y	SERBP1_K562_39	1086	1186	SERBP1_K562_40	1251	1282	64	151	87	4.360015055608295	4.28313890354856	6	5
ENST00000309311	protein_coding	ENSG00000167658	3158	Y	SERBP1_K562_51	388	473	SERBP1_K562_52	114	219	168	1012	844	3.7609652969319	3.98535909780866	10	10
ENST00000309311	protein_coding	ENSG00000167658	3158	Y	SERBP1_K562_51	388	473	SERBP1_K562_53	55	86	301	2172	1871	3.7609652969319	4.10788769252365	10	10
ENST00000309311	protein_coding	ENSG00000167658	3158	Y	SERBP1_K562_51	388	473	SERBP1_K562_54	4	44	343	2214	1871	3.7609652969319	5.08168439928805	10	10
ENST00000309311	protein_coding	ENSG00000167658	3158	Y	SERBP1_K562_52	114	219	SERBP1_K562_53	55	86	27	1054	1027	3.98535909780866	4.10788769252365	10	10
ENST00000309311	protein_coding	ENSG00000167658	3158	Y	SERBP1_K562_52	114	219	SERBP1_K562_54	4	44	69	1096	1027	3.98535909780866	5.08168439928805	10	10
ENST00000309311	protein_coding	ENSG00000167658	3158	Y	SERBP1_K562_53	55	86	SERBP1_K562_54	4	44	10	10	0	4.10788769252365	5.08168439928805	10	10
ENST00000337526	protein_coding	ENSG00000115310	4697	Y	SERBP1_K562_61	626	686	SERBP1_K562_62	472	605	20	20	0	5.19748910003882	4.71537036492068	6	6
ENST00000337526	protein_coding	ENSG00000115310	4697	Y	SERBP1_K562_61	626	686	SERBP1_K562_63	401	456	169	169	0	5.19748910003882	4.51421960924499	6	6
ENST00000337526	protein_coding	ENSG00000115310	4697	Y	SERBP1_K562_62	472	605	SERBP1_K562_63	401	456	15	15	0	4.71537036492068	4.51421960924499	6	6
ENST00000317610	protein_coding	ENSG00000115310	2333	Y	SERBP1_K562_61	719	779	SERBP1_K562_62	565	698	20	20	0	5.19748910003882	4.71537036492068	9	9
ENST00000317610	protein_coding	ENSG00000115310	2333	Y	SERBP1_K562_61	719	779	SERBP1_K562_63	494	549	169	169	0	5.19748910003882	4.51421960924499	9	9
ENST00000317610	protein_coding	ENSG00000115310	2333	Y	SERBP1_K562_62	565	698	SERBP1_K562_63	494	549	15	15	0	4.71537036492068	4.51421960924499	9	9
ENST00000357732	protein_coding	ENSG00000115310	2390	Y	SERBP1_K562_61	719	779	SERBP1_K562_62	565	698	20	20	0	5.19748910003882	4.71537036492068	6	6
ENST00000357732	protein_coding	ENSG00000115310	2390	Y	SERBP1_K562_61	719	779	SERBP1_K562_63	494	549	169	169	0	5.19748910003882	4.51421960924499	6	6
ENST00000357732	protein_coding	ENSG00000115310	2390	Y	SERBP1_K562_62	565	698	SERBP1_K562_63	494	549	15	15	0	4.71537036492068	4.51421960924499	6	6
ENST00000490605	protein_coding	ENSG00000168754	2698	Y	SERBP1_K562_65	2413	2587	SERBP1_K562_66	2128	2212	200	1781	1581	4.22173835888441	3.96370075988692	9	9
ENST00000393526	protein_coding	ENSG00000168754	1004	Y	SERBP1_K562_65	716	890	SERBP1_K562_66	431	515	200	1781	1581	4.22173835888441	3.96370075988692	8	9
ENST00000515982	scaRNA	ENSG00000251791	265	Y	SERBP1_K562_68	1	42	SERBP1_K562_69	109	197	66	66	0	3.16458232103312	3.17499542548181	10	10
ENST00000343677	protein_coding	ENSG00000187837	731	Y	SERBP1_K562_103	171	249	SERBP1_K562_104	29	92	78	78	0	4.27349064676134	3.59596897538643	10	10
ENST00000311487	protein_coding	ENSG00000137309	1920	Y	SERBP1_K562_105	623	675	SERBP1_K562_106	691	759	15	15	0	4.55970643926873	3.747807170552	9	9
ENST00000447654	protein_coding	ENSG00000137309	2159	Y	SERBP1_K562_105	863	915	SERBP1_K562_106	931	999	15	15	0	4.55970643926873	3.747807170552	8	8
ENST00000373509	protein_coding	ENSG00000137193	2703	Y	SERBP1_K562_107	127	181	SERBP1_K562_108	197	317	15	15	0	4.26829306108016	4.38681265973058	10	10
ENST00000646664	protein_coding	ENSG00000075624	1812	Y	SERBP1_K562_111	113	207	SERBP1_K562_112	2	70	42	902	860	3.94746643667271	4.40094038378699	8	9
ENST00000493945	protein_coding	ENSG00000075624	1495	Y	SERBP1_K562_111	184	278	SERBP1_K562_112	3	71	112	902	790	3.94746643667271	4.40094038378699	6	5
ENST00000432588	protein_coding	ENSG00000075624	1300	Y	SERBP1_K562_111	139	233	SERBP1_K562_112	28	96	42	902	860	3.94746643667271	4.40094038378699	6	6
ENST00000675226	protein_coding	ENSG00000106211	776	Y	SERBP1_K562_115	91	169	SERBP1_K562_116	198	225	28	28	0	5.3016740272736	5.29773990560694	4	4
ENST00000674638	protein_coding	ENSG00000106211	772	Y	SERBP1_K562_115	91	169	SERBP1_K562_116	198	225	28	28	0	5.3016740272736	5.29773990560694	8	8
ENST00000674650	protein_coding	ENSG00000106211	687	Y	SERBP1_K562_115	65	143	SERBP1_K562_116	172	199	28	28	0	5.3016740272736	5.29773990560694	4	4
ENST00000248553	protein_coding	ENSG00000106211	777	Y	SERBP1_K562_115	91	169	SERBP1_K562_116	198	225	28	28	0	5.3016740272736	5.29773990560694	9	9
ENST00000675538	protein_coding	ENSG00000106211	812	Y	SERBP1_K562_115	91	169	SERBP1_K562_116	198	225	28	28	0	5.3016740272736	5.29773990560694	4	4
ENST00000676231	protein_coding	ENSG00000106211	807	Y	SERBP1_K562_115	91	169	SERBP1_K562_116	198	225	28	28	0	5.3016740272736	5.29773990560694	4	4
ENST00000674547	protein_coding	ENSG00000106211	800	Y	SERBP1_K562_115	91	169	SERBP1_K562_116	198	225	28	28	0	5.3016740272736	5.29773990560694	6	6
ENST00000675906	protein_coding	ENSG00000106211	794	Y	SERBP1_K562_115	91	169	SERBP1_K562_116	198	225	28	28	0	5.3016740272736	5.29773990560694	6	6
ENST00000318607	protein_coding	ENSG00000070756	2861	Y	SERBP1_K562_117	372	506	SERBP1_K562_118	254	336	35	35	0	4.43769382731357	4.26453929274569	10	10
ENST00000523555	protein_coding	ENSG00000070756	3116	Y	SERBP1_K562_117	871	1005	SERBP1_K562_118	753	835	35	35	0	4.43769382731357	4.26453929274569	6	6
ENST00000394920	protein_coding	ENSG00000161016	965	Y	SERBP1_K562_119	803	900	SERBP1_K562_120	579	609	193	1391	1198	4.34429460780268	3.5117192687158	8	9
ENST00000394920	protein_coding	ENSG00000161016	965	Y	SERBP1_K562_119	803	900	SERBP1_K562_121	486	541	261	1459	1198	4.34429460780268	3.91438343682681	8	9
ENST00000394920	protein_coding	ENSG00000161016	965	Y	SERBP1_K562_120	579	609	SERBP1_K562_121	486	541	37	37	0	3.5117192687158	3.91438343682681	9	9
ENST00000262584	protein_coding	ENSG00000161016	1041	Y	SERBP1_K562_119	880	977	SERBP1_K562_120	656	686	193	1391	1198	4.34429460780268	3.5117192687158	9	9
ENST00000262584	protein_coding	ENSG00000161016	1041	Y	SERBP1_K562_119	880	977	SERBP1_K562_121	563	618	261	1459	1198	4.34429460780268	3.91438343682681	9	9
ENST00000262584	protein_coding	ENSG00000161016	1041	Y	SERBP1_K562_120	656	686	SERBP1_K562_121	563	618	37	37	0	3.5117192687158	3.91438343682681	9	9
ENST00000528957	protein_coding	ENSG00000161016	1070	Y	SERBP1_K562_119	908	1005	SERBP1_K562_120	684	714	193	1391	1198	4.34429460780268	3.5117192687158	6	7
ENST00000528957	protein_coding	ENSG00000161016	1070	Y	SERBP1_K562_119	908	1005	SERBP1_K562_121	591	646	261	1459	1198	4.34429460780268	3.91438343682681	6	7
ENST00000528957	protein_coding	ENSG00000161016	1070	Y	SERBP1_K562_120	684	714	SERBP1_K562_121	591	646	37	37	0	3.5117192687158	3.91438343682681	7	7
ENST00000532702	protein_coding	ENSG00000161016	745	Y	SERBP1_K562_120	553	583	SERBP1_K562_121	460	515	37	37	0	3.5117192687158	3.91438343682681	6	6
ENST00000253122	protein_coding	ENSG00000130821	3931	Y	SERBP1_K562_124	197	214	SERBP1_K562_125	259	407	44	44	0	7.06576635572705	5.7663008254077255	10	10
ENST00000671236	lncRNA	ENSG00000255717	2843	Y	SUPV3L1_K562_5	2031	2051	SUPV3L1_K562_6	1979	2014	16	16	0	3.94530548440721	3.53166248058891	9	9
ENST00000501122	lncRNA	ENSG00000245532	22743	Y	SUPV3L1_K562_7	121	237	SUPV3L1_K562_8	415	492	177	177	0	4.45578697420066	3.88787148016677	10	10
ENST00000501122	lncRNA	ENSG00000245532	22743	Y	SUPV3L1_K562_7	121	237	SUPV3L1_K562_9	1057	1136	819	819	0	4.45578697420066	3.92783836614724	10	10
ENST00000501122	lncRNA	ENSG00000245532	22743	Y	SUPV3L1_K562_7	121	237	SUPV3L1_K562_10	1808	1861	1570	1570	0	4.45578697420066	3.0298435958343	10	10
ENST00000501122	lncRNA	ENSG00000245532	22743	Y	SUPV3L1_K562_7	121	237	SUPV3L1_K562_11	2255	2306	2017	2017	0	4.45578697420066	4.55349645322348	10	10
ENST00000501122	lncRNA	ENSG00000245532	22743	Y	SUPV3L1_K562_7	121	237	SUPV3L1_K562_12	2338	2388	2100	2100	0	4.45578697420066	5.44137340185577	10	10
ENST00000501122	lncRNA	ENSG00000245532	22743	Y	SUPV3L1_K562_7	121	237	SUPV3L1_K562_13	4545	4589	4307	4307	0	4.45578697420066	4.55968514396118	10	10
ENST00000501122	lncRNA	ENSG00000245532	22743	Y	SUPV3L1_K562_8	415	492	SUPV3L1_K562_9	1057	1136	564	564	0	3.88787148016677	3.92783836614724	10	10
ENST00000501122	lncRNA	ENSG00000245532	22743	Y	SUPV3L1_K562_8	415	492	SUPV3L1_K562_10	1808	1861	1315	1315	0	3.88787148016677	3.0298435958343	10	10
ENST00000501122	lncRNA	ENSG00000245532	22743	Y	SUPV3L1_K562_8	415	492	SUPV3L1_K562_11	2255	2306	1762	1762	0	3.88787148016677	4.55349645322348	10	10
ENST00000501122	lncRNA	ENSG00000245532	22743	Y	SUPV3L1_K562_8	415	492	SUPV3L1_K562_12	2338	2388	1845	1845	0	3.88787148016677	5.44137340185577	10	10
ENST00000501122	lncRNA	ENSG00000245532	22743	Y	SUPV3L1_K562_8	415	492	SUPV3L1_K562_13	4545	4589	4052	4052	0	3.88787148016677	4.55968514396118	10	10
ENST00000501122	lncRNA	ENSG00000245532	22743	Y	SUPV3L1_K562_9	1057	1136	SUPV3L1_K562_10	1808	1861	671	671	0	3.92783836614724	3.0298435958343	10	10
ENST00000501122	lncRNA	ENSG00000245532	22743	Y	SUPV3L1_K562_9	1057	1136	SUPV3L1_K562_11	2255	2306	1118	1118	0	3.92783836614724	4.55349645322348	10	10
ENST00000501122	lncRNA	ENSG00000245532	22743	Y	SUPV3L1_K562_9	1057	1136	SUPV3L1_K562_12	2338	2388	1201	1201	0	3.92783836614724	5.44137340185577	10	10
ENST00000501122	lncRNA	ENSG00000245532	22743	Y	SUPV3L1_K562_9	1057	1136	SUPV3L1_K562_13	4545	4589	3408	3408	0	3.92783836614724	4.55968514396118	10	10
ENST00000501122	lncRNA	ENSG00000245532	22743	Y	SUPV3L1_K562_10	1808	1861	SUPV3L1_K562_11	2255	2306	393	393	0	3.0298435958343	4.55349645322348	10	10
ENST00000501122	lncRNA	ENSG00000245532	22743	Y	SUPV3L1_K562_10	1808	1861	SUPV3L1_K562_12	2338	2388	476	476	0	3.0298435958343	5.44137340185577	10	10
ENST00000501122	lncRNA	ENSG00000245532	22743	Y	SUPV3L1_K562_10	1808	1861	SUPV3L1_K562_13	4545	4589	2683	2683	0	3.0298435958343	4.55968514396118	10	10
ENST00000501122	lncRNA	ENSG00000245532	22743	Y	SUPV3L1_K562_11	2255	2306	SUPV3L1_K562_12	2338	2388	31	31	0	4.55349645322348	5.44137340185577	10	10
ENST00000501122	lncRNA	ENSG00000245532	22743	Y	SUPV3L1_K562_11	2255	2306	SUPV3L1_K562_13	4545	4589	2238	2238	0	4.55349645322348	4.55968514396118	10	10
ENST00000501122	lncRNA	ENSG00000245532	22743	Y	SUPV3L1_K562_12	2338	2388	SUPV3L1_K562_13	4545	4589	2156	2156	0	5.44137340185577	4.55968514396118	10	10
ENST00000534336	lncRNA	ENSG00000251562	8708	Y	SUPV3L1_K562_14	1366	1390	SUPV3L1_K562_15	2381	2399	990	990	0	3.13138253319336	3.18584518075169	10	10
ENST00000534336	lncRNA	ENSG00000251562	8708	Y	SUPV3L1_K562_14	1366	1390	SUPV3L1_K562_16	5286	5346	3895	3895	0	3.13138253319336	3.30843207093504	10	10
ENST00000534336	lncRNA	ENSG00000251562	8708	Y	SUPV3L1_K562_15	2381	2399	SUPV3L1_K562_16	5286	5346	2886	2886	0	3.18584518075169	3.30843207093504	10	10
